c:\gameltnc\build-msvc\zombiedontkillme.dir\debug\playstate.obj
c:\gameltnc\build-msvc\zombiedontkillme.dir\debug\collisionsystem.obj
c:\gameltnc\build-msvc\zombiedontkillme.dir\debug\spawnmanager.obj
c:\gameltnc\build-msvc\zombiedontkillme.dir\debug\zombiefactory.obj
c:\gameltnc\build-msvc\zombiedontkillme.dir\debug\projectile.obj
c:\gameltnc\build-msvc\zombiedontkillme.dir\debug\weaponfactory.obj
c:\gameltnc\build-msvc\zombiedontkillme.dir\debug\knife.obj
c:\gameltnc\build-msvc\zombiedontkillme.dir\debug\tilemap.obj
c:\gameltnc\build-msvc\zombiedontkillme.dir\debug\statemanager.obj
c:\gameltnc\build-msvc\zombiedontkillme.dir\debug\main.obj
c:\gameltnc\build-msvc\zombiedontkillme.dir\debug\grenade.obj
c:\gameltnc\build-msvc\zombiedontkillme.dir\debug\pausestate.obj
c:\gameltnc\build-msvc\zombiedontkillme.dir\debug\animatedsprite.obj
c:\gameltnc\build-msvc\zombiedontkillme.dir\debug\pistol.obj
c:\gameltnc\build-msvc\zombiedontkillme.dir\debug\shotgun.obj
c:\gameltnc\build-msvc\zombiedontkillme.dir\debug\throwngrenade.obj
c:\gameltnc\build-msvc\zombiedontkillme.dir\debug\weapon.obj
c:\gameltnc\build-msvc\zombiedontkillme.dir\debug\entitymanager.obj
c:\gameltnc\build-msvc\zombiedontkillme.dir\debug\entity.obj
c:\gameltnc\build-msvc\zombiedontkillme.dir\debug\zombie.obj
c:\gameltnc\build-msvc\zombiedontkillme.dir\debug\inputmanager.obj
c:\gameltnc\build-msvc\zombiedontkillme.dir\debug\turretzombie.obj
c:\gameltnc\build-msvc\zombiedontkillme.dir\debug\menustate.obj
c:\gameltnc\build-msvc\zombiedontkillme.dir\debug\resourcemanager.obj
c:\gameltnc\build-msvc\zombiedontkillme.dir\debug\player.obj
c:\gameltnc\build-msvc\zombiedontkillme.dir\debug\worldobjects.obj
c:\gameltnc\build-msvc\zombiedontkillme.dir\debug\game.obj
c:\gameltnc\build-msvc\zombiedontkillme.dir\debug\particlesystem.obj
c:\gameltnc\build-msvc\zombiedontkillme.dir\debug\vc143.pdb
c:\gameltnc\build-msvc\zombiedontkillme.dir\debug\upgradeshopstate.obj
c:\gameltnc\build-msvc\zombiedontkillme.dir\debug\gameoverstate.obj
c:\gameltnc\build-msvc\zombiedontkillme.dir\debug\hud.obj
c:\gameltnc\build-msvc\zombiedontkillme.dir\debug\vc143.idb
c:\gameltnc\build-msvc\cmakefiles\generate.stamp
c:\gameltnc\build-msvc\debug\zombiedontkillme.exe
c:\gameltnc\build-msvc\debug\zombiedontkillme.pdb
c:\gameltnc\build-msvc\zombiedontkillme.dir\debug\zombiedontkillme.ilk
c:\gameltnc\build-msvc\zombiedontkillme.dir\debug\zombiedontkillme.tlog\cl.command.1.tlog
c:\gameltnc\build-msvc\zombiedontkillme.dir\debug\zombiedontkillme.tlog\cl.items.tlog
c:\gameltnc\build-msvc\zombiedontkillme.dir\debug\zombiedontkillme.tlog\cl.read.1.tlog
c:\gameltnc\build-msvc\zombiedontkillme.dir\debug\zombiedontkillme.tlog\cl.write.1.tlog
c:\gameltnc\build-msvc\zombiedontkillme.dir\debug\zombiedontkillme.tlog\custombuild.command.1.tlog
c:\gameltnc\build-msvc\zombiedontkillme.dir\debug\zombiedontkillme.tlog\custombuild.read.1.tlog
c:\gameltnc\build-msvc\zombiedontkillme.dir\debug\zombiedontkillme.tlog\custombuild.write.1.tlog
c:\gameltnc\build-msvc\zombiedontkillme.dir\debug\zombiedontkillme.tlog\link.command.1.tlog
c:\gameltnc\build-msvc\zombiedontkillme.dir\debug\zombiedontkillme.tlog\link.read.1.tlog
c:\gameltnc\build-msvc\zombiedontkillme.dir\debug\zombiedontkillme.tlog\link.secondary.1.tlog
c:\gameltnc\build-msvc\zombiedontkillme.dir\debug\zombiedontkillme.tlog\link.write.1.tlog
